Archive member included because of file (symbol)

d:/programs/avr studio 5/extensions/atmel/avrgcc/3.3.1.27/avrtoolchain/bin/../lib/gcc/avr/4.5.1/avr5\libgcc.a(_udivmodqi4.o)
                              Tetris.o (__udivmodqi4)
d:/programs/avr studio 5/extensions/atmel/avrgcc/3.3.1.27/avrtoolchain/bin/../lib/gcc/avr/4.5.1/avr5\libgcc.a(_divmodhi4.o)
                              Tetris.o (__divmodhi4)
d:/programs/avr studio 5/extensions/atmel/avrgcc/3.3.1.27/avrtoolchain/bin/../lib/gcc/avr/4.5.1/avr5\libgcc.a(_exit.o)
                              d:/programs/avr studio 5/extensions/atmel/avrgcc/3.3.1.27/avrtoolchain/bin/../lib/gcc/avr/4.5.1/../../../../avr/lib/avr5/crtm328p.o (exit)
d:/programs/avr studio 5/extensions/atmel/avrgcc/3.3.1.27/avrtoolchain/bin/../lib/gcc/avr/4.5.1/avr5\libgcc.a(_copy_data.o)
                              Tetris.o (__do_copy_data)
d:/programs/avr studio 5/extensions/atmel/avrgcc/3.3.1.27/avrtoolchain/bin/../lib/gcc/avr/4.5.1/avr5\libgcc.a(_clear_bss.o)
                              Tetris.o (__do_clear_bss)
d:/programs/avr studio 5/extensions/atmel/avrgcc/3.3.1.27/avrtoolchain/bin/../lib/gcc/avr/4.5.1/avr5\libgcc.a(_udivmodhi4.o)
                              d:/programs/avr studio 5/extensions/atmel/avrgcc/3.3.1.27/avrtoolchain/bin/../lib/gcc/avr/4.5.1/avr5\libgcc.a(_divmodhi4.o) (__udivmodhi4)

Memory Configuration

Name             Origin             Length             Attributes
text             0x00000000         0x00020000         xr
data             0x00800060         0x0000ffa0         rw !x
eeprom           0x00810000         0x00010000         rw !x
fuse             0x00820000         0x00000400         rw !x
lock             0x00830000         0x00000400         rw !x
signature        0x00840000         0x00000400         rw !x
*default*        0x00000000         0xffffffff

Linker script and memory map

Address of section .data set to 0x800100
LOAD d:/programs/avr studio 5/extensions/atmel/avrgcc/3.3.1.27/avrtoolchain/bin/../lib/gcc/avr/4.5.1/../../../../avr/lib/avr5/crtm328p.o
LOAD Tetris.o
LOAD d:/programs/avr studio 5/extensions/atmel/avrgcc/3.3.1.27/avrtoolchain/bin/../lib/gcc/avr/4.5.1/../../../../avr/lib/avr5\libm.a
LOAD d:/programs/avr studio 5/extensions/atmel/avrgcc/3.3.1.27/avrtoolchain/bin/../lib/gcc/avr/4.5.1/avr5\libgcc.a
LOAD d:/programs/avr studio 5/extensions/atmel/avrgcc/3.3.1.27/avrtoolchain/bin/../lib/gcc/avr/4.5.1/../../../../avr/lib/avr5\libc.a
LOAD d:/programs/avr studio 5/extensions/atmel/avrgcc/3.3.1.27/avrtoolchain/bin/../lib/gcc/avr/4.5.1/avr5\libgcc.a

.hash
 *(.hash)

.dynsym
 *(.dynsym)

.dynstr
 *(.dynstr)

.gnu.version
 *(.gnu.version)

.gnu.version_d
 *(.gnu.version_d)

.gnu.version_r
 *(.gnu.version_r)

.rel.init
 *(.rel.init)

.rela.init
 *(.rela.init)

.rel.text
 *(.rel.text)
 *(.rel.text.*)
 *(.rel.gnu.linkonce.t*)

.rela.text
 *(.rela.text)
 *(.rela.text.*)
 *(.rela.gnu.linkonce.t*)

.rel.fini
 *(.rel.fini)

.rela.fini
 *(.rela.fini)

.rel.rodata
 *(.rel.rodata)
 *(.rel.rodata.*)
 *(.rel.gnu.linkonce.r*)

.rela.rodata
 *(.rela.rodata)
 *(.rela.rodata.*)
 *(.rela.gnu.linkonce.r*)

.rel.data
 *(.rel.data)
 *(.rel.data.*)
 *(.rel.gnu.linkonce.d*)

.rela.data
 *(.rela.data)
 *(.rela.data.*)
 *(.rela.gnu.linkonce.d*)

.rel.ctors
 *(.rel.ctors)

.rela.ctors
 *(.rela.ctors)

.rel.dtors
 *(.rel.dtors)

.rela.dtors
 *(.rela.dtors)

.rel.got
 *(.rel.got)

.rela.got
 *(.rela.got)

.rel.bss
 *(.rel.bss)

.rela.bss
 *(.rela.bss)

.rel.plt
 *(.rel.plt)

.rela.plt
 *(.rela.plt)

.text           0x00000000     0x15fa
 *(.vectors)
 .vectors       0x00000000       0x68 d:/programs/avr studio 5/extensions/atmel/avrgcc/3.3.1.27/avrtoolchain/bin/../lib/gcc/avr/4.5.1/../../../../avr/lib/avr5/crtm328p.o
                0x00000000                __vector_default
                0x00000000                __vectors
 *(.vectors)
 *(.progmem.gcc*)
 .progmem.gcc_sw_table
                0x00000068       0x26 Tetris.o
 *(.progmem*)
 .progmem.data  0x0000008e      0x37a Tetris.o
                0x0000008e                shapes
                0x000000da                numbers
                0x0000010c                SmallFont
                0x00000408                . = ALIGN (0x2)
                0x00000408                __trampolines_start = .
 *(.trampolines)
 .trampolines   0x00000408        0x0 linker stubs
 *(.trampolines*)
                0x00000408                __trampolines_end = .
 *(.jumptables)
 *(.jumptables*)
 *(.lowtext)
 *(.lowtext*)
                0x00000408                __ctors_start = .
 *(.ctors)
                0x00000408                __ctors_end = .
                0x00000408                __dtors_start = .
 *(.dtors)
                0x00000408                __dtors_end = .
 SORT(*)(.ctors)
 SORT(*)(.dtors)
 *(.init0)
 .init0         0x00000408        0x0 d:/programs/avr studio 5/extensions/atmel/avrgcc/3.3.1.27/avrtoolchain/bin/../lib/gcc/avr/4.5.1/../../../../avr/lib/avr5/crtm328p.o
                0x00000408                __init
 *(.init0)
 *(.init1)
 *(.init1)
 *(.init2)
 .init2         0x00000408        0xc d:/programs/avr studio 5/extensions/atmel/avrgcc/3.3.1.27/avrtoolchain/bin/../lib/gcc/avr/4.5.1/../../../../avr/lib/avr5/crtm328p.o
 *(.init2)
 *(.init3)
 *(.init3)
 *(.init4)
 .init4         0x00000414       0x16 d:/programs/avr studio 5/extensions/atmel/avrgcc/3.3.1.27/avrtoolchain/bin/../lib/gcc/avr/4.5.1/avr5\libgcc.a(_copy_data.o)
                0x00000414                __do_copy_data
 .init4         0x0000042a       0x10 d:/programs/avr studio 5/extensions/atmel/avrgcc/3.3.1.27/avrtoolchain/bin/../lib/gcc/avr/4.5.1/avr5\libgcc.a(_clear_bss.o)
                0x0000042a                __do_clear_bss
 *(.init4)
 *(.init5)
 *(.init5)
 *(.init6)
 *(.init6)
 *(.init7)
 *(.init7)
 *(.init8)
 *(.init8)
 *(.init9)
 .init9         0x0000043a        0x8 d:/programs/avr studio 5/extensions/atmel/avrgcc/3.3.1.27/avrtoolchain/bin/../lib/gcc/avr/4.5.1/../../../../avr/lib/avr5/crtm328p.o
 *(.init9)
 *(.text)
 .text          0x00000442        0x4 d:/programs/avr studio 5/extensions/atmel/avrgcc/3.3.1.27/avrtoolchain/bin/../lib/gcc/avr/4.5.1/../../../../avr/lib/avr5/crtm328p.o
                0x00000442                __vector_22
                0x00000442                __vector_1
                0x00000442                __vector_24
                0x00000442                __vector_12
                0x00000442                __bad_interrupt
                0x00000442                __vector_6
                0x00000442                __vector_3
                0x00000442                __vector_23
                0x00000442                __vector_25
                0x00000442                __vector_13
                0x00000442                __vector_17
                0x00000442                __vector_19
                0x00000442                __vector_7
                0x00000442                __vector_5
                0x00000442                __vector_9
                0x00000442                __vector_2
                0x00000442                __vector_21
                0x00000442                __vector_15
                0x00000442                __vector_8
                0x00000442                __vector_14
                0x00000442                __vector_10
                0x00000442                __vector_16
                0x00000442                __vector_18
                0x00000442                __vector_20
 .text          0x00000446     0x114a Tetris.o
                0x00000446                init_spi
                0x0000044e                init_gpio
                0x00000488                init_timer1
                0x000004aa                adc_init
                0x000004c6                adc_read
                0x000004e8                send_byte
                0x000004f2                send_int
                0x00000506                init_game
                0x0000053c                draw
                0x00000598                tetris
                0x0000067a                draw_game
                0x00000782                copy_shape
                0x000007ce                spawn_block
                0x000009c4                check_sum
                0x00000aa0                clear_screen
                0x00000ab2                show_score
                0x00000b8e                main
                0x00001540                __vector_11
                0x0000155e                __vector_4
 .text          0x00001590        0x0 d:/programs/avr studio 5/extensions/atmel/avrgcc/3.3.1.27/avrtoolchain/bin/../lib/gcc/avr/4.5.1/avr5\libgcc.a(_udivmodqi4.o)
 .text          0x00001590        0x0 d:/programs/avr studio 5/extensions/atmel/avrgcc/3.3.1.27/avrtoolchain/bin/../lib/gcc/avr/4.5.1/avr5\libgcc.a(_divmodhi4.o)
 .text          0x00001590        0x0 d:/programs/avr studio 5/extensions/atmel/avrgcc/3.3.1.27/avrtoolchain/bin/../lib/gcc/avr/4.5.1/avr5\libgcc.a(_exit.o)
 .text          0x00001590        0x0 d:/programs/avr studio 5/extensions/atmel/avrgcc/3.3.1.27/avrtoolchain/bin/../lib/gcc/avr/4.5.1/avr5\libgcc.a(_copy_data.o)
 .text          0x00001590        0x0 d:/programs/avr studio 5/extensions/atmel/avrgcc/3.3.1.27/avrtoolchain/bin/../lib/gcc/avr/4.5.1/avr5\libgcc.a(_clear_bss.o)
 .text          0x00001590        0x0 d:/programs/avr studio 5/extensions/atmel/avrgcc/3.3.1.27/avrtoolchain/bin/../lib/gcc/avr/4.5.1/avr5\libgcc.a(_udivmodhi4.o)
                0x00001590                . = ALIGN (0x2)
 *(.text.*)
 .text.libgcc   0x00001590       0x18 d:/programs/avr studio 5/extensions/atmel/avrgcc/3.3.1.27/avrtoolchain/bin/../lib/gcc/avr/4.5.1/avr5\libgcc.a(_udivmodqi4.o)
                0x00001590                __udivmodqi4
 .text.libgcc   0x000015a8       0x26 d:/programs/avr studio 5/extensions/atmel/avrgcc/3.3.1.27/avrtoolchain/bin/../lib/gcc/avr/4.5.1/avr5\libgcc.a(_divmodhi4.o)
                0x000015a8                _div
                0x000015a8                __divmodhi4
 .text.libgcc   0x000015ce        0x0 d:/programs/avr studio 5/extensions/atmel/avrgcc/3.3.1.27/avrtoolchain/bin/../lib/gcc/avr/4.5.1/avr5\libgcc.a(_exit.o)
 .text.libgcc   0x000015ce        0x0 d:/programs/avr studio 5/extensions/atmel/avrgcc/3.3.1.27/avrtoolchain/bin/../lib/gcc/avr/4.5.1/avr5\libgcc.a(_copy_data.o)
 .text.libgcc   0x000015ce        0x0 d:/programs/avr studio 5/extensions/atmel/avrgcc/3.3.1.27/avrtoolchain/bin/../lib/gcc/avr/4.5.1/avr5\libgcc.a(_clear_bss.o)
 .text.libgcc   0x000015ce       0x28 d:/programs/avr studio 5/extensions/atmel/avrgcc/3.3.1.27/avrtoolchain/bin/../lib/gcc/avr/4.5.1/avr5\libgcc.a(_udivmodhi4.o)
                0x000015ce                __udivmodhi4
                0x000015f6                . = ALIGN (0x2)
 *(.fini9)
 .fini9         0x000015f6        0x0 d:/programs/avr studio 5/extensions/atmel/avrgcc/3.3.1.27/avrtoolchain/bin/../lib/gcc/avr/4.5.1/avr5\libgcc.a(_exit.o)
                0x000015f6                _exit
                0x000015f6                exit
 *(.fini9)
 *(.fini8)
 *(.fini8)
 *(.fini7)
 *(.fini7)
 *(.fini6)
 *(.fini6)
 *(.fini5)
 *(.fini5)
 *(.fini4)
 *(.fini4)
 *(.fini3)
 *(.fini3)
 *(.fini2)
 *(.fini2)
 *(.fini1)
 *(.fini1)
 *(.fini0)
 .fini0         0x000015f6        0x4 d:/programs/avr studio 5/extensions/atmel/avrgcc/3.3.1.27/avrtoolchain/bin/../lib/gcc/avr/4.5.1/avr5\libgcc.a(_exit.o)
 *(.fini0)
                0x000015fa                _etext = .

.data           0x00800100        0x8 load address 0x000015fa
                0x00800100                PROVIDE (__data_start, .)
 *(.data)
 .data          0x00800100        0x0 d:/programs/avr studio 5/extensions/atmel/avrgcc/3.3.1.27/avrtoolchain/bin/../lib/gcc/avr/4.5.1/../../../../avr/lib/avr5/crtm328p.o
 .data          0x00800100        0x7 Tetris.o
                0x00800100                tetris_code
                0x00800106                last
 .data          0x00800107        0x0 d:/programs/avr studio 5/extensions/atmel/avrgcc/3.3.1.27/avrtoolchain/bin/../lib/gcc/avr/4.5.1/avr5\libgcc.a(_udivmodqi4.o)
 .data          0x00800107        0x0 d:/programs/avr studio 5/extensions/atmel/avrgcc/3.3.1.27/avrtoolchain/bin/../lib/gcc/avr/4.5.1/avr5\libgcc.a(_divmodhi4.o)
 .data          0x00800107        0x0 d:/programs/avr studio 5/extensions/atmel/avrgcc/3.3.1.27/avrtoolchain/bin/../lib/gcc/avr/4.5.1/avr5\libgcc.a(_exit.o)
 .data          0x00800107        0x0 d:/programs/avr studio 5/extensions/atmel/avrgcc/3.3.1.27/avrtoolchain/bin/../lib/gcc/avr/4.5.1/avr5\libgcc.a(_copy_data.o)
 .data          0x00800107        0x0 d:/programs/avr studio 5/extensions/atmel/avrgcc/3.3.1.27/avrtoolchain/bin/../lib/gcc/avr/4.5.1/avr5\libgcc.a(_clear_bss.o)
 .data          0x00800107        0x0 d:/programs/avr studio 5/extensions/atmel/avrgcc/3.3.1.27/avrtoolchain/bin/../lib/gcc/avr/4.5.1/avr5\libgcc.a(_udivmodhi4.o)
 *(.data*)
 *(.rodata)
 *(.rodata*)
 *(.gnu.linkonce.d*)
                0x00800108                . = ALIGN (0x2)
 *fill*         0x00800107        0x1 00
                0x00800108                _edata = .
                0x00800108                PROVIDE (__data_end, .)

.bss            0x00800108       0x22
                0x00800108                PROVIDE (__bss_start, .)
 *(.bss)
 .bss           0x00800108        0x0 d:/programs/avr studio 5/extensions/atmel/avrgcc/3.3.1.27/avrtoolchain/bin/../lib/gcc/avr/4.5.1/../../../../avr/lib/avr5/crtm328p.o
 .bss           0x00800108       0x22 Tetris.o
                0x00800108                i
                0x00800109                j
                0x0080010a                spawn_block_flag
                0x0080010b                delay_var
                0x0080010d                screen
                0x0080011f                game_over
                0x00800120                block
                0x00800124                block_id
                0x00800125                score
                0x00800126                block_x
                0x00800127                block_y
                0x00800128                update_flag
                0x00800129                now
 .bss           0x0080012a        0x0 d:/programs/avr studio 5/extensions/atmel/avrgcc/3.3.1.27/avrtoolchain/bin/../lib/gcc/avr/4.5.1/avr5\libgcc.a(_udivmodqi4.o)
 .bss           0x0080012a        0x0 d:/programs/avr studio 5/extensions/atmel/avrgcc/3.3.1.27/avrtoolchain/bin/../lib/gcc/avr/4.5.1/avr5\libgcc.a(_divmodhi4.o)
 .bss           0x0080012a        0x0 d:/programs/avr studio 5/extensions/atmel/avrgcc/3.3.1.27/avrtoolchain/bin/../lib/gcc/avr/4.5.1/avr5\libgcc.a(_exit.o)
 .bss           0x0080012a        0x0 d:/programs/avr studio 5/extensions/atmel/avrgcc/3.3.1.27/avrtoolchain/bin/../lib/gcc/avr/4.5.1/avr5\libgcc.a(_copy_data.o)
 .bss           0x0080012a        0x0 d:/programs/avr studio 5/extensions/atmel/avrgcc/3.3.1.27/avrtoolchain/bin/../lib/gcc/avr/4.5.1/avr5\libgcc.a(_clear_bss.o)
 .bss           0x0080012a        0x0 d:/programs/avr studio 5/extensions/atmel/avrgcc/3.3.1.27/avrtoolchain/bin/../lib/gcc/avr/4.5.1/avr5\libgcc.a(_udivmodhi4.o)
 *(.bss*)
 *(COMMON)
                0x0080012a                PROVIDE (__bss_end, .)
                0x000015fa                __data_load_start = LOADADDR (.data)
                0x00001602                __data_load_end = (__data_load_start + SIZEOF (.data))

.noinit         0x0080012a        0x0
                0x0080012a                PROVIDE (__noinit_start, .)
 *(.noinit*)
                0x0080012a                PROVIDE (__noinit_end, .)
                0x0080012a                _end = .
                0x0080012a                PROVIDE (__heap_start, .)

.eeprom         0x00810000        0x0
 *(.eeprom*)
                0x00810000                __eeprom_end = .

.fuse
 *(.fuse)
 *(.lfuse)
 *(.hfuse)
 *(.efuse)

.lock
 *(.lock*)

.signature
 *(.signature*)

.stab           0x00000000      0x6cc
 *(.stab)
 .stab          0x00000000      0x6cc d:/programs/avr studio 5/extensions/atmel/avrgcc/3.3.1.27/avrtoolchain/bin/../lib/gcc/avr/4.5.1/../../../../avr/lib/avr5/crtm328p.o

.stabstr        0x00000000       0x90
 *(.stabstr)
 .stabstr       0x00000000       0x90 d:/programs/avr studio 5/extensions/atmel/avrgcc/3.3.1.27/avrtoolchain/bin/../lib/gcc/avr/4.5.1/../../../../avr/lib/avr5/crtm328p.o

.stab.excl
 *(.stab.excl)

.stab.exclstr
 *(.stab.exclstr)

.stab.index
 *(.stab.index)

.stab.indexstr
 *(.stab.indexstr)

.comment
 *(.comment)

.debug
 *(.debug)

.line
 *(.line)

.debug_srcinfo
 *(.debug_srcinfo)

.debug_sfnames
 *(.debug_sfnames)

.debug_aranges  0x00000000       0x20
 *(.debug_aranges)
 .debug_aranges
                0x00000000       0x20 Tetris.o

.debug_pubnames
                0x00000000      0x1ee
 *(.debug_pubnames)
 .debug_pubnames
                0x00000000      0x1ee Tetris.o

.debug_info     0x00000000      0x7f0
 *(.debug_info)
 .debug_info    0x00000000      0x7f0 Tetris.o
 *(.gnu.linkonce.wi.*)

.debug_abbrev   0x00000000      0x263
 *(.debug_abbrev)
 .debug_abbrev  0x00000000      0x263 Tetris.o

.debug_line     0x00000000      0xd25
 *(.debug_line)
 .debug_line    0x00000000      0xd25 Tetris.o

.debug_frame    0x00000000      0x140
 *(.debug_frame)
 .debug_frame   0x00000000      0x140 Tetris.o

.debug_str      0x00000000      0x251
 *(.debug_str)
 .debug_str     0x00000000      0x251 Tetris.o
                                0x29f (size before relaxing)

.debug_loc      0x00000000      0x449
 *(.debug_loc)
 .debug_loc     0x00000000      0x449 Tetris.o

.debug_macinfo
 *(.debug_macinfo)
OUTPUT(Tetris.elf elf32-avr)
LOAD linker stubs

.debug_pubtypes
                0x00000000       0x43
 .debug_pubtypes
                0x00000000       0x43 Tetris.o

.debug_ranges   0x00000000       0x50
 .debug_ranges  0x00000000       0x50 Tetris.o
